{"level":"info","message":"Servern kör på port 3000"}
{"level":"info","message":"Servern kör på port 3000"}
{"level":"error","message":"Data motagen ej ok [object Response]"}
{"level":"info","message":"Servern kör på port 3000"}
{"level":"error","message":"Data motagen ej ok [object Response]"}
{"level":"error","message":"Token motagen för inlog mislyckades: [object Object]"}
{"level":"error","message":"Fel vid hämtning av token: Error [ERR_HTTP_HEADERS_SENT]: Cannot set headers after they are sent to the client"}
{"level":"info","message":"Servern kör på port 3000"}
{"level":"error","message":"Data motagen ej ok [object Response]"}
{"level":"error","message":"Data motagen ej ok [object Response]"}
{"level":"info","message":"Försökte loga in utan anligen lösenord eller mail."}
{"level":"error","message":"Data motagen ej ok [object Response]"}
{"level":"info","message":"Försökte loga in utan anligen lösenord eller mail."}
{"level":"info","message":"Servern kör på port 3000","timestamp":"2026-08-12T09:05:37.605Z"}
{"level":"info","message":"Försökte loga in utan anligen lösenord eller mail.","timestamp":"2026-08-12T09:05:49.056Z"}
{"level":"info","message":"Servern kör på port 3000","timestamp":"2026-08-12T09:06:30.822Z"}
{"level":"error","message":"Data motagen ej ok [object Response]","timestamp":"2026-08-12T09:06:39.836Z"}
{"level":"error","message":"Data motagen ej ok [object Response]","timestamp":"2026-08-12T09:07:15.679Z"}
{"level":"info","message":"Servern kör på port 3000","timestamp":"2026-08-12T09:07:18.940Z"}
{"level":"error","message":"Data motagen ej ok [object Promise]","timestamp":"2026-08-12T09:07:20.391Z"}
{"level":"info","message":"Servern kör på port 3000","timestamp":"2026-08-12 11:12:24"}
{"level":"info","message":"Servern kör på port 3000","timestamp":"2026-08-12 11:12:25"}
{"email":"beatrice-olsson@hotmail.com","level":"info","message":"GetAccept auth request completed","ok":false,"responseBody":{"code":400,"errors":"Invalid credentials or account locked","message":"Invalid credentials or account locked"},"status":400,"timestamp":"2026-08-12 11:16:26"}
{"level":"error","message":"GetAccept auth failed","responseBody":{"code":400,"errors":"Invalid credentials or account locked","message":"Invalid credentials or account locked"},"status":400,"timestamp":"2026-08-12 11:16:26"}
{"level":"info","message":"Servern kör på port 3000","timestamp":"2026-08-12T09:16:53.720Z"}
{"level":"info","message":"Servern kör på port 3000","timestamp":"2026-08-12T09:16:54.171Z"}
{"level":"info","message":"Servern kör på port 3000","timestamp":"2026-08-12T09:17:16.215Z"}
{"level":"error","message":"Data motagen ej ok [object Promise]","timestamp":"2026-08-12T09:19:24.305Z"}
{"level":"info","message":"Servern kör på port 3000","timestamp":"2026-08-12T09:20:29.237Z"}
{"level":"error","message":"Data motagen ej ok","timestamp":"2026-08-12T09:20:48.972Z"}
{"level":"error","message":"Data motagen ej ok","timestamp":"2026-08-12T09:20:58.695Z"}
{"level":"error","message":"Data motagen ej ok","timestamp":"2026-08-12T09:22:16.242Z"}
{"level":"info","message":"Försökte logga in utan email eller lösenord.","timestamp":"2026-08-12T09:22:34.446Z"}
{"level":"error","message":"Data motagen ej ok","timestamp":"2026-08-12T09:22:49.095Z"}
{"level":"info","message":"Servern kör på port 3000","timestamp":"2026-08-12T09:24:10.275Z"}
{"level":"info","message":"Servern kör på port 3000","timestamp":"2026-08-12T09:24:47.396Z"}
{"level":"error","message":"Data motagen ej ok","timestamp":"2026-08-12T09:24:59.293Z"}
{"level":"error","message":"Data motagen ej ok","timestamp":"2026-08-12T09:25:11.357Z"}
{"level":"info","message":"Servern kör på port 3000","timestamp":"2026-08-12T09:26:17.151Z"}
{"errorDitail":{"code":400,"errors":"Invalid credentials or account locked","message":"Invalid credentials or account locked"},"level":"error","message":"Data motagen ej ok","status":400,"timestamp":"2026-08-12T09:26:20.277Z"}
{"errorDitail":{"code":400,"errors":"Invalid credentials or account locked","message":"Invalid credentials or account locked"},"level":"error","message":"Data motagen ej ok","status":400,"timestamp":"2026-08-12T09:27:14.081Z"}
{"errorDitail":{"code":400,"errors":"Invalid credentials or account locked","message":"Invalid credentials or account locked"},"level":"error","message":"Data motagen ej ok","status":400,"timestamp":"2026-08-12T09:31:16.144Z"}
{"errorDitail":{"code":400,"errors":"Invalid credentials or account locked","message":"Invalid credentials or account locked"},"level":"error","message":"Data motagen ej ok","status":400,"timestamp":"2026-08-12T09:33:05.773Z"}
{"level":"info","message":"Försökte logga in utan email eller lösenord.","timestamp":"2026-08-12T09:34:40.160Z"}
{"level":"info","message":"Försökte logga in utan email eller lösenord.","timestamp":"2026-08-12T09:35:02.730Z"}
{"errorDitail":{"code":400,"errors":"Invalid credentials or account locked","message":"Invalid credentials or account locked"},"level":"error","message":"Data motagen ej ok","status":400,"timestamp":"2026-08-12T09:35:41.734Z"}
{"errorDitail":{"code":400,"errors":"Invalid credentials or account locked","message":"Invalid credentials or account locked"},"level":"error","message":"Data motagen ej ok","status":400,"timestamp":"2026-08-12T09:41:41.837Z"}
{"level":"info","message":"Försökte logga in utan email eller lösenord.","timestamp":"2026-08-12T09:53:05.718Z"}
{"level":"info","message":"Servern kör på port 3000","timestamp":"2026-08-12T11:17:48.509Z"}
{"level":"info","message":"Servern kör på port 3000","timestamp":"2026-08-12T11:17:48.964Z"}
{"level":"info","message":"Servern kör på port 3000","timestamp":"2026-08-12T12:07:47.257Z"}
{"level":"info","message":"Servern kör på port 3000","timestamp":"2026-08-12T12:29:12.887Z"}
{"level":"info","message":"Servern kör på port 3000","timestamp":"2026-08-12T12:29:13.336Z"}
{"level":"error","message":"DB kunde inte connecta: TypeError [ERR_INVALID_ARG_TYPE]: The \"listener\" argument must be of type function. Received undefined","timestamp":"2026-08-12T12:41:36.334Z"}
{"level":"info","message":"Servern kör på port 3000","timestamp":"2026-08-12T12:41:36.347Z"}
{"level":"error","message":"DB kunde inte connecta: TypeError [ERR_INVALID_ARG_TYPE]: The \"listener\" argument must be of type function. Received undefined","timestamp":"2026-08-12T12:41:37.078Z"}
{"level":"info","message":"Servern kör på port 3000","timestamp":"2026-08-12T12:41:37.090Z"}
{"level":"error","message":"DB kunde inte connecta: TypeError [ERR_INVALID_ARG_TYPE]: The \"listener\" argument must be of type function. Received undefined","timestamp":"2026-08-12T12:41:42.907Z"}
{"level":"info","message":"Servern kör på port 3000","timestamp":"2026-08-12T12:41:42.918Z"}
{"level":"info","message":"Servern kör på port 3000","timestamp":"2026-08-12T12:42:14.630Z"}
{"level":"error","message":"DB kunde inte connecta: Error: Failed to connect to localhost:1433 - Could not connect (sequence)","timestamp":"2026-08-12T12:42:14.641Z"}
{"level":"info","message":"Servern kör på port 3000","timestamp":"2026-08-12T12:52:18.653Z"}
{"level":"error","message":"DB kunde inte connecta: Error: Failed to connect to localhost\\SQLEXPRESS in 15000ms","timestamp":"2026-08-12T12:52:33.657Z"}
{"level":"info","message":"Servern kör på port 3000","timestamp":"2026-08-12T12:53:52.304Z"}
{"level":"error","message":"DB kunde inte connecta: Error: Failed to connect to 127.0.0.1:1433 - Could not connect (sequence)","timestamp":"2026-08-12T12:53:52.313Z"}
{"level":"info","message":"Servern kör på port 3000","timestamp":"2026-08-12T12:59:09.532Z"}
{"level":"error","message":"DB kunde inte connecta: Error: Failed to connect to 127.0.0.1:1433 - Could not connect (sequence)","timestamp":"2026-08-12T12:59:09.542Z"}
{"level":"info","message":"Servern kör på port 3000","timestamp":"2026-08-12T12:59:34.124Z"}
{"level":"error","message":"DB kunde inte connecta: Error: Failed to connect to 127.0.0.1:1433 - Could not connect (sequence)","timestamp":"2026-08-12T12:59:34.134Z"}
{"level":"info","message":"Servern kör på port 3000","timestamp":"2026-08-12T13:00:32.968Z"}
{"level":"error","message":"DB kunde inte connecta: Error: Failed to connect to 127.0.0.1:1433 - Could not connect (sequence)","timestamp":"2026-08-12T13:00:32.978Z"}
{"level":"info","message":"Servern kör på port 3000","timestamp":"2026-08-12T13:01:04.730Z"}
{"level":"error","message":"DB kunde inte connecta: Error: Failed to connect to 127.0.0.1:1433 - Could not connect (sequence)","timestamp":"2026-08-12T13:01:04.739Z"}
{"level":"info","message":"Servern kör på port 3000","timestamp":"2026-08-12T13:05:10.010Z"}
{"level":"error","message":"DB kunde inte connecta: Error: Login failed for user 'sa'.","timestamp":"2026-08-12T13:05:10.053Z"}
{"level":"info","message":"Servern kör på port 3000","timestamp":"2026-08-12T13:19:23.875Z"}
{"level":"error","message":"DB kunde inte connecta: Error: Login failed for user 'sa'.","timestamp":"2026-08-12T13:19:23.915Z"}
{"level":"info","message":"Servern kör på port 3000","timestamp":"2026-08-12T13:22:08.876Z"}
{"level":"error","message":"DB kunde inte connecta: Error: Login failed for user 'sa'.","timestamp":"2026-08-12T13:22:08.908Z"}
{"level":"info","message":"Servern kör på port 3000","timestamp":"2026-08-12T14:00:28.896Z"}
{"level":"error","message":"DB kunde inte connecta: Error: Login failed for user 'sa'.","timestamp":"2026-08-12T14:00:28.925Z"}
{"level":"info","message":"Servern kör på port 3000","timestamp":"2026-08-12T14:00:29.692Z"}
{"level":"error","message":"DB kunde inte connecta: Error: Login failed for user 'sa'.","timestamp":"2026-08-12T14:00:29.725Z"}
{"level":"info","message":"Servern kör på port 3000","timestamp":"2026-08-12T14:05:23.722Z"}
{"level":"error","message":"DB kunde inte connecta: Error: Login failed for user 'sa'.","timestamp":"2026-08-12T14:05:23.756Z"}
{"level":"info","message":"Servern kör på port 3000","timestamp":"2026-08-12T14:06:47.827Z"}
{"level":"error","message":"DB kunde inte connecta: Error: Login failed for user 'sa'.","timestamp":"2026-08-12T14:06:47.856Z"}
{"level":"info","message":"Servern kör på port 3000","timestamp":"2026-08-12T14:10:13.216Z"}
{"level":"info","message":"DB conected","timestamp":"2026-08-12T14:10:13.252Z"}
{"level":"info","message":"Servern kör på port 3000","timestamp":"2026-08-12T14:13:33.177Z"}
{"level":"info","message":"DB conected","timestamp":"2026-08-12T14:13:33.215Z"}
{"level":"info","message":"Servern kör på port 3000","timestamp":"2026-08-12T14:13:48.956Z"}
{"level":"info","message":"DB conected","timestamp":"2026-08-12T14:13:48.990Z"}
{"level":"info","message":"Servern kör på port 3000","timestamp":"2026-08-12T14:26:32.001Z"}
{"level":"info","message":"DB conected","timestamp":"2026-08-12T14:26:32.038Z"}
{"level":"info","message":"Servern kör på port 3000","timestamp":"2026-08-12T14:27:10.273Z"}
{"level":"info","message":"DB conected","timestamp":"2026-08-12T14:27:10.311Z"}
{"level":"info","message":"Servern kör på port 3000","timestamp":"2026-08-13T06:26:55.921Z"}
{"level":"info","message":"DB conected","timestamp":"2026-08-13T06:26:55.964Z"}
{"level":"info","message":"Servern kör på port 3000","timestamp":"2026-08-13T06:26:56.651Z"}
{"level":"info","message":"DB conected","timestamp":"2026-08-13T06:26:56.683Z"}
{"level":"info","message":"Servern kör på port 3000","timestamp":"2026-08-13T06:40:09.046Z"}
{"level":"info","message":"DB conected","timestamp":"2026-08-13T06:40:09.082Z"}
{"level":"info","message":"Servern kör på port 3000","timestamp":"2026-08-13T06:42:06.564Z"}
{"level":"info","message":"DB conected","timestamp":"2026-08-13T06:42:06.632Z"}
{"errorDitail":{"code":429,"errors":"Auth is Throttled! Please try again later.","message":"Auth is Throttled! Please try again later."},"level":"error","message":"Data motagen ej ok","status":429,"timestamp":"2026-08-13T06:42:06.755Z"}
{"level":"info","message":"Servern kör på port 3000","timestamp":"2026-08-13T07:46:29.414Z"}
{"level":"info","message":"DB conected","timestamp":"2026-08-13T07:46:29.448Z"}
{"level":"info","message":"Servern kör på port 3000","timestamp":"2026-08-13T07:46:30.188Z"}
{"level":"info","message":"DB conected","timestamp":"2026-08-13T07:46:30.248Z"}
{"level":"info","message":"Servern kör på port 3000","timestamp":"2026-08-13T08:42:27.068Z"}
{"level":"info","message":"DB conected","timestamp":"2026-08-13T08:42:27.125Z"}
{"level":"info","message":"Servern kör på port 3000","timestamp":"2026-08-13T08:54:08.998Z"}
{"level":"info","message":"DB conected","timestamp":"2026-08-13T08:54:09.038Z"}
{"level":"info","message":"Servern kör på port 3000","timestamp":"2026-08-13T08:54:09.799Z"}
{"level":"info","message":"DB conected","timestamp":"2026-08-13T08:54:09.835Z"}
{"level":"info","message":"Servern kör på port 3000","timestamp":"2026-08-13T10:30:46.835Z"}
{"level":"info","message":"DB conected","timestamp":"2026-08-13T10:30:46.904Z"}
{"level":"info","message":"Servern kör på port 3000","timestamp":"2026-08-13T10:30:47.579Z"}
{"level":"info","message":"DB conected","timestamp":"2026-08-13T10:30:47.614Z"}
{"level":"info","message":"Servern kör på port 3000","timestamp":"2026-08-13T10:50:22.564Z"}
{"level":"info","message":"DB conected","timestamp":"2026-08-13T10:50:22.601Z"}
{"level":"info","message":"DB conected","timestamp":"2026-08-13T10:50:22.604Z"}
{"level":"info","message":"Servern kör på port 3000","timestamp":"2026-08-13T10:50:34.296Z"}
{"level":"info","message":"DB conected","timestamp":"2026-08-13T10:50:34.332Z"}
{"level":"info","message":"DB conected","timestamp":"2026-08-13T10:50:34.337Z"}
{"level":"info","message":"Servern kör på port 3000","timestamp":"2026-08-13T10:53:14.747Z"}
{"level":"info","message":"DB conected","timestamp":"2026-08-13T10:53:14.784Z"}
{"level":"info","message":"DB conected","timestamp":"2026-08-13T10:53:14.785Z"}
{"level":"info","message":"Servern kör på port 3000","timestamp":"2026-08-13T11:00:01.594Z"}
{"level":"info","message":"DB conected","timestamp":"2026-08-13T11:00:01.651Z"}
{"level":"info","message":"DB conected","timestamp":"2026-08-13T11:00:01.651Z"}
{"level":"info","message":"Servern kör på port 3000","timestamp":"2026-08-13T11:00:20.817Z"}
{"level":"info","message":"DB conected","timestamp":"2026-08-13T11:00:20.859Z"}
{"level":"info","message":"DB conected","timestamp":"2026-08-13T11:00:20.860Z"}
{"level":"info","message":"Servern kör på port 3000","timestamp":"2026-08-13T11:00:34.106Z"}
{"level":"info","message":"DB conected","timestamp":"2026-08-13T11:00:34.143Z"}
{"level":"info","message":"DB conected","timestamp":"2026-08-13T11:00:34.143Z"}
{"level":"info","message":"Servern kör på port 3000","timestamp":"2026-08-13T11:20:43.780Z"}
{"level":"info","message":"DB conected","timestamp":"2026-08-13T11:20:43.820Z"}
{"level":"info","message":"DB conected","timestamp":"2026-08-13T11:20:43.821Z"}
{"level":"info","message":"Servern kör på port 3000","timestamp":"2026-08-13T11:20:45.670Z"}
{"level":"info","message":"DB conected","timestamp":"2026-08-13T11:20:45.717Z"}
{"level":"info","message":"DB conected","timestamp":"2026-08-13T11:20:45.717Z"}
{"level":"info","message":"Servern kör på port 3000","timestamp":"2026-08-13T11:20:46.794Z"}
{"level":"info","message":"DB conected","timestamp":"2026-08-13T11:20:46.833Z"}
{"level":"info","message":"DB conected","timestamp":"2026-08-13T11:20:46.834Z"}
{"level":"info","message":"Servern kör på port 3000","timestamp":"2026-08-13T11:22:33.688Z"}
{"level":"info","message":"DB conected","timestamp":"2026-08-13T11:22:33.728Z"}
{"level":"info","message":"DB conected","timestamp":"2026-08-13T11:22:33.729Z"}
{"level":"info","message":"Servern kör på port 3000","timestamp":"2026-08-13T11:22:35.052Z"}
{"level":"info","message":"DB conected","timestamp":"2026-08-13T11:22:35.091Z"}
{"level":"info","message":"DB conected","timestamp":"2026-08-13T11:22:35.091Z"}
{"level":"info","message":"Servern kör på port 3000","timestamp":"2026-08-13T11:28:42.469Z"}
{"level":"info","message":"DB conected","timestamp":"2026-08-13T11:28:42.511Z"}
{"level":"info","message":"DB conected","timestamp":"2026-08-13T11:28:42.511Z"}
{"level":"info","message":"Servern kör på port 3000","timestamp":"2026-08-13T11:29:39.504Z"}
{"level":"info","message":"DB conected","timestamp":"2026-08-13T11:29:39.544Z"}
{"level":"info","message":"DB conected","timestamp":"2026-08-13T11:29:39.545Z"}
{"level":"error","message":"Ny kontackt kunnde inte sparas i db: db.request is not a function","timestamp":"2026-08-13T11:31:26.169Z"}
{"level":"error","message":"Kontackt kunde inte sparas: db.request is not a function","timestamp":"2026-08-13T11:31:26.170Z"}
{"level":"info","message":"Servern kör på port 3000","timestamp":"2026-08-13T11:33:06.104Z"}
{"level":"info","message":"DB conected","timestamp":"2026-08-13T11:33:06.144Z"}
{"level":"info","message":"DB conected","timestamp":"2026-08-13T11:33:06.145Z"}
{"level":"info","message":"Servern kör på port 3000","timestamp":"2026-08-13T11:33:06.840Z"}
{"level":"info","message":"DB conected","timestamp":"2026-08-13T11:33:06.877Z"}
{"level":"info","message":"DB conected","timestamp":"2026-08-13T11:33:06.877Z"}
{"level":"error","message":"Kontackt kunde inte sparas: db.request is not a function","timestamp":"2026-08-13T11:33:12.580Z"}
{"level":"info","message":"Servern kör på port 3000","timestamp":"2026-08-13T11:34:39.127Z"}
{"level":"info","message":"DB conected","timestamp":"2026-08-13T11:34:39.166Z"}
{"level":"info","message":"DB conected","timestamp":"2026-08-13T11:34:39.167Z"}
{"level":"info","message":"Servern kör på port 3000","timestamp":"2026-08-13T11:34:41.932Z"}
{"level":"info","message":"DB conected","timestamp":"2026-08-13T11:34:41.969Z"}
{"level":"info","message":"DB conected","timestamp":"2026-08-13T11:34:41.970Z"}
{"level":"info","message":"Servern kör på port 3000","timestamp":"2026-08-13T11:34:50.491Z"}
{"level":"info","message":"DB conected","timestamp":"2026-08-13T11:34:50.526Z"}
{"level":"info","message":"DB conected","timestamp":"2026-08-13T11:34:50.526Z"}
{"level":"error","message":"Kontackt kunde inte sparas: db.request is not a function","timestamp":"2026-08-13T11:34:58.661Z"}
{"level":"info","message":"Servern kör på port 3000","timestamp":"2026-08-13T11:42:31.475Z"}
{"level":"info","message":"DB connected","timestamp":"2026-08-13T11:42:31.514Z"}
{"level":"info","message":"DB connected","timestamp":"2026-08-13T11:42:31.515Z"}
{"level":"info","message":"Ny kontackt sparades i db.","timestamp":"2026-08-13T11:43:47.401Z"}
{"level":"info","message":"Ny kontackt sparades i db.","timestamp":"2026-08-13T11:50:58.504Z"}
{"level":"info","message":"Servern kör på port 3000","timestamp":"2026-08-13T12:06:47.689Z"}
{"level":"info","message":"DB connected","timestamp":"2026-08-13T12:06:47.731Z"}
{"level":"info","message":"DB connected","timestamp":"2026-08-13T12:06:47.732Z"}
{"level":"info","message":"Servern kör på port 3000","timestamp":"2026-08-13T12:06:48.494Z"}
{"level":"info","message":"DB connected","timestamp":"2026-08-13T12:06:48.531Z"}
{"level":"info","message":"DB connected","timestamp":"2026-08-13T12:06:48.532Z"}
{"level":"info","message":"Servern kör på port 3000","timestamp":"2026-08-13T12:17:46.725Z"}
{"level":"info","message":"DB connected","timestamp":"2026-08-13T12:17:46.762Z"}
{"level":"info","message":"DB connected","timestamp":"2026-08-13T12:17:46.763Z"}
{"level":"info","message":"Servern kör på port 3000","timestamp":"2026-08-13T12:20:47.951Z"}
{"level":"info","message":"DB connected","timestamp":"2026-08-13T12:20:48.027Z"}
{"level":"info","message":"DB connected","timestamp":"2026-08-13T12:20:48.028Z"}
